Partition Merge report for uart_display
Fri Nov 20 17:15:46 2020
Quartus Prime Version 20.1.0 Build 711 06/05/2020 SJ Lite Edition


---------------------
; Table of Contents ;
---------------------
  1. Legal Notice
  2. Partition Merge Summary
  3. Partition Merge Netlist Types Used
  4. Partition Merge Partition Statistics
  5. Partition Merge Partition Pin Processing
  6. Partition Merge Resource Usage Summary
  7. Partition Merge Messages



----------------
; Legal Notice ;
----------------
Copyright (C) 2020  Intel Corporation. All rights reserved.
Your use of Intel Corporation's design tools, logic functions 
and other software and tools, and any partner logic 
functions, and any output files from any of the foregoing 
(including device programming or simulation files), and any 
associated documentation or information are expressly subject 
to the terms and conditions of the Intel Program License 
Subscription Agreement, the Intel Quartus Prime License Agreement,
the Intel FPGA IP License Agreement, or other applicable license
agreement, including, without limitation, that your use is for
the sole purpose of programming logic devices manufactured by
Intel and sold by Intel or its authorized distributors.  Please
refer to the applicable agreement for further details, at
https://fpgasoftware.intel.com/eula.



+----------------------------------------------------------------------------------+
; Partition Merge Summary                                                          ;
+------------------------------------+---------------------------------------------+
; Partition Merge Status             ; Successful - Fri Nov 20 17:15:46 2020       ;
; Quartus Prime Version              ; 20.1.0 Build 711 06/05/2020 SJ Lite Edition ;
; Revision Name                      ; uart_display                                ;
; Top-level Entity Name              ; uart_display                                ;
; Family                             ; Cyclone IV E                                ;
; Total logic elements               ; 131                                         ;
;     Total combinational functions  ; 130                                         ;
;     Dedicated logic registers      ; 75                                          ;
; Total registers                    ; 75                                          ;
; Total pins                         ; 20                                          ;
; Total virtual pins                 ; 0                                           ;
; Total memory bits                  ; 0                                           ;
; Embedded Multiplier 9-bit elements ; 0                                           ;
; Total PLLs                         ; 0                                           ;
+------------------------------------+---------------------------------------------+


+-------------------------------------------------------------------------------------------------------------------------------+
; Partition Merge Netlist Types Used                                                                                            ;
+--------------------------------+----------------+-------------------+------------------------+--------------------------------+
; Partition Name                 ; Partition Type ; Netlist Type Used ; Netlist Type Requested ; Partition Contents             ;
+--------------------------------+----------------+-------------------+------------------------+--------------------------------+
; Top                            ; User-created   ; Source File       ; Source File            ;                                ;
; hard_block:auto_generated_inst ; Auto-generated ; Source File       ; Source File            ; hard_block:auto_generated_inst ;
+--------------------------------+----------------+-------------------+------------------------+--------------------------------+


+------------------------------------------------------------------------------------+
; Partition Merge Partition Statistics                                               ;
+---------------------------------------------+-----+--------------------------------+
; Statistic                                   ; Top ; hard_block:auto_generated_inst ;
+---------------------------------------------+-----+--------------------------------+
; Estimated Total logic elements              ; 131 ; 0                              ;
;                                             ;     ;                                ;
; Total combinational functions               ; 130 ; 0                              ;
; Logic element usage by number of LUT inputs ;     ;                                ;
;     -- 4 input functions                    ; 67  ; 0                              ;
;     -- 3 input functions                    ; 16  ; 0                              ;
;     -- <=2 input functions                  ; 47  ; 0                              ;
;                                             ;     ;                                ;
; Logic elements by mode                      ;     ;                                ;
;     -- normal mode                          ; 88  ; 0                              ;
;     -- arithmetic mode                      ; 42  ; 0                              ;
;                                             ;     ;                                ;
; Total registers                             ; 75  ; 0                              ;
;     -- Dedicated logic registers            ; 75  ; 0                              ;
;     -- I/O registers                        ; 0   ; 0                              ;
;                                             ;     ;                                ;
; Virtual pins                                ; 0   ; 0                              ;
; I/O pins                                    ; 20  ; 0                              ;
; Embedded Multiplier 9-bit elements          ; 0   ; 0                              ;
; Total memory bits                           ; 0   ; 0                              ;
; Total RAM block bits                        ; 0   ; 0                              ;
;                                             ;     ;                                ;
; Connections                                 ;     ;                                ;
;     -- Input Connections                    ; 0   ; 0                              ;
;     -- Registered Input Connections         ; 0   ; 0                              ;
;     -- Output Connections                   ; 0   ; 0                              ;
;     -- Registered Output Connections        ; 0   ; 0                              ;
;                                             ;     ;                                ;
; Internal Connections                        ;     ;                                ;
;     -- Total Connections                    ; 689 ; 0                              ;
;     -- Registered Connections               ; 279 ; 0                              ;
;                                             ;     ;                                ;
; External Connections                        ;     ;                                ;
;     -- Top                                  ; 0   ; 0                              ;
;     -- hard_block:auto_generated_inst       ; 0   ; 0                              ;
;                                             ;     ;                                ;
; Partition Interface                         ;     ;                                ;
;     -- Input Ports                          ; 3   ; 0                              ;
;     -- Output Ports                         ; 17  ; 0                              ;
;     -- Bidir Ports                          ; 0   ; 0                              ;
;                                             ;     ;                                ;
; Registered Ports                            ;     ;                                ;
;     -- Registered Input Ports               ; 0   ; 0                              ;
;     -- Registered Output Ports              ; 0   ; 0                              ;
;                                             ;     ;                                ;
; Port Connectivity                           ;     ;                                ;
;     -- Input Ports driven by GND            ; 0   ; 0                              ;
;     -- Output Ports driven by GND           ; 0   ; 0                              ;
;     -- Input Ports driven by VCC            ; 0   ; 0                              ;
;     -- Output Ports driven by VCC           ; 0   ; 0                              ;
;     -- Input Ports with no Source           ; 0   ; 0                              ;
;     -- Output Ports with no Source          ; 0   ; 0                              ;
;     -- Input Ports with no Fanout           ; 0   ; 0                              ;
;     -- Output Ports with no Fanout          ; 0   ; 0                              ;
+---------------------------------------------+-----+--------------------------------+
Note: Resource usage numbers presented for Partitions containing post-synthesis logic are estimates.  For Partitions containing post-fit logic, resource usage numbers are accurate based on previous placement information.  Actual Fitter results may vary depending on current Fitter Preservation Level assignments.


+--------------------------------------------------------------------------------+
; Partition Merge Partition Pin Processing                                       ;
+---------------------------+-----------+---------------+----------+-------------+
; Name                      ; Partition ; Type          ; Location ; Status      ;
+---------------------------+-----------+---------------+----------+-------------+
; active                    ; Top       ; Output Port   ; n/a      ;             ;
;     -- active             ; Top       ; Output Pad    ; Unplaced ; Synthesized ;
;     -- active~output      ; Top       ; Output Buffer ; Unplaced ; Synthesized ;
;                           ;           ;               ;          ;             ;
; clk                       ; Top       ; Input Port    ; n/a      ;             ;
;     -- clk                ; Top       ; Input Pad     ; Unplaced ; Synthesized ;
;     -- clk~input          ; Top       ; Input Buffer  ; Unplaced ; Synthesized ;
;                           ;           ;               ;          ;             ;
; done                      ; Top       ; Output Port   ; n/a      ;             ;
;     -- done               ; Top       ; Output Pad    ; Unplaced ; Synthesized ;
;     -- done~output        ; Top       ; Output Buffer ; Unplaced ; Synthesized ;
;                           ;           ;               ;          ;             ;
; rst_n                     ; Top       ; Input Port    ; n/a      ;             ;
;     -- rst_n              ; Top       ; Input Pad     ; Unplaced ; Synthesized ;
;     -- rst_n~input        ; Top       ; Input Buffer  ; Unplaced ; Synthesized ;
;                           ;           ;               ;          ;             ;
; rx                        ; Top       ; Input Port    ; n/a      ;             ;
;     -- rx                 ; Top       ; Input Pad     ; Unplaced ; Synthesized ;
;     -- rx~input           ; Top       ; Input Buffer  ; Unplaced ; Synthesized ;
;                           ;           ;               ;          ;             ;
; seg_data[0]               ; Top       ; Output Port   ; n/a      ;             ;
;     -- seg_data[0]        ; Top       ; Output Pad    ; Unplaced ; Synthesized ;
;     -- seg_data[0]~output ; Top       ; Output Buffer ; Unplaced ; Synthesized ;
;                           ;           ;               ;          ;             ;
; seg_data[1]               ; Top       ; Output Port   ; n/a      ;             ;
;     -- seg_data[1]        ; Top       ; Output Pad    ; Unplaced ; Synthesized ;
;     -- seg_data[1]~output ; Top       ; Output Buffer ; Unplaced ; Synthesized ;
;                           ;           ;               ;          ;             ;
; seg_data[2]               ; Top       ; Output Port   ; n/a      ;             ;
;     -- seg_data[2]        ; Top       ; Output Pad    ; Unplaced ; Synthesized ;
;     -- seg_data[2]~output ; Top       ; Output Buffer ; Unplaced ; Synthesized ;
;                           ;           ;               ;          ;             ;
; seg_data[3]               ; Top       ; Output Port   ; n/a      ;             ;
;     -- seg_data[3]        ; Top       ; Output Pad    ; Unplaced ; Synthesized ;
;     -- seg_data[3]~output ; Top       ; Output Buffer ; Unplaced ; Synthesized ;
;                           ;           ;               ;          ;             ;
; seg_data[4]               ; Top       ; Output Port   ; n/a      ;             ;
;     -- seg_data[4]        ; Top       ; Output Pad    ; Unplaced ; Synthesized ;
;     -- seg_data[4]~output ; Top       ; Output Buffer ; Unplaced ; Synthesized ;
;                           ;           ;               ;          ;             ;
; seg_data[5]               ; Top       ; Output Port   ; n/a      ;             ;
;     -- seg_data[5]        ; Top       ; Output Pad    ; Unplaced ; Synthesized ;
;     -- seg_data[5]~output ; Top       ; Output Buffer ; Unplaced ; Synthesized ;
;                           ;           ;               ;          ;             ;
; seg_data[6]               ; Top       ; Output Port   ; n/a      ;             ;
;     -- seg_data[6]        ; Top       ; Output Pad    ; Unplaced ; Synthesized ;
;     -- seg_data[6]~output ; Top       ; Output Buffer ; Unplaced ; Synthesized ;
;                           ;           ;               ;          ;             ;
; seg_data[7]               ; Top       ; Output Port   ; n/a      ;             ;
;     -- seg_data[7]        ; Top       ; Output Pad    ; Unplaced ; Synthesized ;
;     -- seg_data[7]~output ; Top       ; Output Buffer ; Unplaced ; Synthesized ;
;                           ;           ;               ;          ;             ;
; seg_sel[0]                ; Top       ; Output Port   ; n/a      ;             ;
;     -- seg_sel[0]         ; Top       ; Output Pad    ; Unplaced ; Synthesized ;
;     -- seg_sel[0]~output  ; Top       ; Output Buffer ; Unplaced ; Synthesized ;
;                           ;           ;               ;          ;             ;
; seg_sel[1]                ; Top       ; Output Port   ; n/a      ;             ;
;     -- seg_sel[1]         ; Top       ; Output Pad    ; Unplaced ; Synthesized ;
;     -- seg_sel[1]~output  ; Top       ; Output Buffer ; Unplaced ; Synthesized ;
;                           ;           ;               ;          ;             ;
; seg_sel[2]                ; Top       ; Output Port   ; n/a      ;             ;
;     -- seg_sel[2]         ; Top       ; Output Pad    ; Unplaced ; Synthesized ;
;     -- seg_sel[2]~output  ; Top       ; Output Buffer ; Unplaced ; Synthesized ;
;                           ;           ;               ;          ;             ;
; seg_sel[3]                ; Top       ; Output Port   ; n/a      ;             ;
;     -- seg_sel[3]         ; Top       ; Output Pad    ; Unplaced ; Synthesized ;
;     -- seg_sel[3]~output  ; Top       ; Output Buffer ; Unplaced ; Synthesized ;
;                           ;           ;               ;          ;             ;
; seg_sel[4]                ; Top       ; Output Port   ; n/a      ;             ;
;     -- seg_sel[4]         ; Top       ; Output Pad    ; Unplaced ; Synthesized ;
;     -- seg_sel[4]~output  ; Top       ; Output Buffer ; Unplaced ; Synthesized ;
;                           ;           ;               ;          ;             ;
; seg_sel[5]                ; Top       ; Output Port   ; n/a      ;             ;
;     -- seg_sel[5]         ; Top       ; Output Pad    ; Unplaced ; Synthesized ;
;     -- seg_sel[5]~output  ; Top       ; Output Buffer ; Unplaced ; Synthesized ;
;                           ;           ;               ;          ;             ;
; tx                        ; Top       ; Output Port   ; n/a      ;             ;
;     -- tx                 ; Top       ; Output Pad    ; Unplaced ; Synthesized ;
;     -- tx~output          ; Top       ; Output Buffer ; Unplaced ; Synthesized ;
;                           ;           ;               ;          ;             ;
+---------------------------+-----------+---------------+----------+-------------+


+---------------------------------------------------------+
; Partition Merge Resource Usage Summary                  ;
+---------------------------------------------+-----------+
; Resource                                    ; Usage     ;
+---------------------------------------------+-----------+
; Estimated Total logic elements              ; 131       ;
;                                             ;           ;
; Total combinational functions               ; 130       ;
; Logic element usage by number of LUT inputs ;           ;
;     -- 4 input functions                    ; 67        ;
;     -- 3 input functions                    ; 16        ;
;     -- <=2 input functions                  ; 47        ;
;                                             ;           ;
; Logic elements by mode                      ;           ;
;     -- normal mode                          ; 88        ;
;     -- arithmetic mode                      ; 42        ;
;                                             ;           ;
; Total registers                             ; 75        ;
;     -- Dedicated logic registers            ; 75        ;
;     -- I/O registers                        ; 0         ;
;                                             ;           ;
; I/O pins                                    ; 20        ;
;                                             ;           ;
; Embedded Multiplier 9-bit elements          ; 0         ;
;                                             ;           ;
; Maximum fan-out node                        ; clk~input ;
; Maximum fan-out                             ; 75        ;
; Total fan-out                               ; 689       ;
; Average fan-out                             ; 2.81      ;
+---------------------------------------------+-----------+


+--------------------------+
; Partition Merge Messages ;
+--------------------------+
Info: *******************************************************************
Info: Running Quartus Prime Partition Merge
    Info: Version 20.1.0 Build 711 06/05/2020 SJ Lite Edition
    Info: Processing started: Fri Nov 20 17:15:46 2020
Info: Command: quartus_cdb --read_settings_files=off --write_settings_files=off uart_display -c uart_display --merge=on
Warning (18236): Number of processors has not been specified which may cause overloading on shared machines.  Set the global assignment NUM_PARALLEL_PROCESSORS in your QSF to an appropriate value for best performance.
Critical Warning (138067): Current license file does not support incremental compilation. The Quartus Prime software removes all the user-specified design partitions in the design automatically.
Info (35007): Using synthesis netlist for partition "Top"
Info (35002): Resolved and merged 1 partition(s)
Info (16010): Generating hard_block partition "hard_block:auto_generated_inst"
    Info (16011): Adding 0 node(s), including 0 DDIO, 0 PLL, 0 transceiver and 0 LCELL
Critical Warning (138067): Current license file does not support incremental compilation. The Quartus Prime software removes all the user-specified design partitions in the design automatically.
Info (21057): Implemented 153 device resources after synthesis - the final resource count might be different
    Info (21058): Implemented 3 input pins
    Info (21059): Implemented 17 output pins
    Info (21061): Implemented 133 logic cells
Info: Quartus Prime Partition Merge was successful. 0 errors, 3 warnings
    Info: Peak virtual memory: 4688 megabytes
    Info: Processing ended: Fri Nov 20 17:15:46 2020
    Info: Elapsed time: 00:00:00
    Info: Total CPU time (on all processors): 00:00:01


